// Vitest Snapshot v1, https://vitest.dev/guide/snapshot.html

exports[`LoginForm > render snapshot 1`] = `
<DocumentFragment>
  <div>
    <div>
      Input
    </div>
    <div>
      Input
    </div>
    <button
      class="MuiButtonBase-root MuiButton-root MuiButton-outlined MuiButton-outlinedPrimary MuiButton-sizeMedium MuiButton-outlinedSizeMedium MuiButton-colorPrimary MuiButton-root MuiButton-outlined MuiButton-outlinedPrimary MuiButton-sizeMedium MuiButton-outlinedSizeMedium MuiButton-colorPrimary css-1blvszr-MuiButtonBase-root-MuiButton-root"
      tabindex="0"
      type="button"
    >
      Login
    </button>
  </div>
</DocumentFragment>
`;
